21-Aug-2025 15:25:37.035 INFO [main] org.apache.catalina.startup.VersionLoggerListener.log Server version name:   Apache Tomcat/10.1.44
21-Aug-2025 15:25:37.037 INFO [main] org.apache.catalina.startup.VersionLoggerListener.log Server built:          Aug 4 2025 13:14:17 UTC
21-Aug-2025 15:25:37.037 INFO [main] org.apache.catalina.startup.VersionLoggerListener.log Server version number: 10.1.44.0
21-Aug-2025 15:25:37.037 INFO [main] org.apache.catalina.startup.VersionLoggerListener.log OS Name:               Mac OS X
21-Aug-2025 15:25:37.037 INFO [main] org.apache.catalina.startup.VersionLoggerListener.log OS Version:            15.6
21-Aug-2025 15:25:37.037 INFO [main] org.apache.catalina.startup.VersionLoggerListener.log Architecture:          aarch64
21-Aug-2025 15:25:37.037 INFO [main] org.apache.catalina.startup.VersionLoggerListener.log Java Home:             /opt/homebrew/Cellar/openjdk@17/17.0.15/libexec/openjdk.jdk/Contents/Home
21-Aug-2025 15:25:37.037 INFO [main] org.apache.catalina.startup.VersionLoggerListener.log JVM Version:           17.0.15+0
21-Aug-2025 15:25:37.037 INFO [main] org.apache.catalina.startup.VersionLoggerListener.log JVM Vendor:            Homebrew
21-Aug-2025 15:25:37.037 INFO [main] org.apache.catalina.startup.VersionLoggerListener.log CATALINA_BASE:         /Users/nguyendinhtanloc/Documents/Semester_1_2025/Web/apache-tomcat-10.1.44
21-Aug-2025 15:25:37.037 INFO [main] org.apache.catalina.startup.VersionLoggerListener.log CATALINA_HOME:         /Users/nguyendinhtanloc/Documents/Semester_1_2025/Web/apache-tomcat-10.1.44
21-Aug-2025 15:25:37.067 INFO [main] org.apache.catalina.startup.VersionLoggerListener.log Command line argument: -Djava.util.logging.config.file=/Users/nguyendinhtanloc/Documents/Semester_1_2025/Web/apache-tomcat-10.1.44/conf/logging.properties
21-Aug-2025 15:25:37.068 INFO [main] org.apache.catalina.startup.VersionLoggerListener.log Command line argument: -Djava.util.logging.manager=org.apache.juli.ClassLoaderLogManager
21-Aug-2025 15:25:37.068 INFO [main] org.apache.catalina.startup.VersionLoggerListener.log Command line argument: -Djdk.tls.ephemeralDHKeySize=2048
21-Aug-2025 15:25:37.068 INFO [main] org.apache.catalina.startup.VersionLoggerListener.log Command line argument: -Djava.protocol.handler.pkgs=org.apache.catalina.webresources
21-Aug-2025 15:25:37.068 INFO [main] org.apache.catalina.startup.VersionLoggerListener.log Command line argument: -Dsun.io.useCanonCaches=false
21-Aug-2025 15:25:37.068 INFO [main] org.apache.catalina.startup.VersionLoggerListener.log Command line argument: -Dorg.apache.catalina.security.SecurityListener.UMASK=0027
21-Aug-2025 15:25:37.068 INFO [main] org.apache.catalina.startup.VersionLoggerListener.log Command line argument: --add-opens=java.base/java.lang=ALL-UNNAMED
21-Aug-2025 15:25:37.068 INFO [main] org.apache.catalina.startup.VersionLoggerListener.log Command line argument: --add-opens=java.base/java.lang.reflect=ALL-UNNAMED
21-Aug-2025 15:25:37.068 INFO [main] org.apache.catalina.startup.VersionLoggerListener.log Command line argument: --add-opens=java.base/java.io=ALL-UNNAMED
21-Aug-2025 15:25:37.068 INFO [main] org.apache.catalina.startup.VersionLoggerListener.log Command line argument: --add-opens=java.base/java.util=ALL-UNNAMED
21-Aug-2025 15:25:37.068 INFO [main] org.apache.catalina.startup.VersionLoggerListener.log Command line argument: --add-opens=java.base/java.util.concurrent=ALL-UNNAMED
21-Aug-2025 15:25:37.068 INFO [main] org.apache.catalina.startup.VersionLoggerListener.log Command line argument: --add-opens=java.rmi/sun.rmi.transport=ALL-UNNAMED
21-Aug-2025 15:25:37.068 INFO [main] org.apache.catalina.startup.VersionLoggerListener.log Command line argument: -Dcatalina.base=/Users/nguyendinhtanloc/Documents/Semester_1_2025/Web/apache-tomcat-10.1.44
21-Aug-2025 15:25:37.068 INFO [main] org.apache.catalina.startup.VersionLoggerListener.log Command line argument: -Dcatalina.home=/Users/nguyendinhtanloc/Documents/Semester_1_2025/Web/apache-tomcat-10.1.44
21-Aug-2025 15:25:37.068 INFO [main] org.apache.catalina.startup.VersionLoggerListener.log Command line argument: -Djava.io.tmpdir=/Users/nguyendinhtanloc/Documents/Semester_1_2025/Web/apache-tomcat-10.1.44/temp
21-Aug-2025 15:25:37.075 INFO [main] org.apache.catalina.core.AprLifecycleListener.lifecycleEvent The Apache Tomcat Native library which allows using OpenSSL was not found on the java.library.path: [/Users/nguyendinhtanloc/Library/Java/Extensions:/Library/Java/Extensions:/Network/Library/Java/Extensions:/System/Library/Java/Extensions:/usr/lib/java:.]
21-Aug-2025 15:25:37.195 INFO [main] org.apache.coyote.AbstractProtocol.init Initializing ProtocolHandler ["http-nio-8080"]
21-Aug-2025 15:25:37.224 INFO [main] org.apache.catalina.startup.Catalina.load Server initialization in [283] milliseconds
21-Aug-2025 15:25:37.242 INFO [main] org.apache.catalina.core.StandardService.startInternal Starting service [Catalina]
21-Aug-2025 15:25:37.242 INFO [main] org.apache.catalina.core.StandardEngine.startInternal Starting Servlet engine: [Apache Tomcat/10.1.44]
21-Aug-2025 15:25:37.245 INFO [main] org.apache.catalina.startup.HostConfig.deployDirectory Deploying web application directory [/Users/nguyendinhtanloc/Documents/Semester_1_2025/Web/apache-tomcat-10.1.44/webapps/docs]
21-Aug-2025 15:25:37.366 INFO [main] org.apache.catalina.startup.HostConfig.deployDirectory Deployment of web application directory [/Users/nguyendinhtanloc/Documents/Semester_1_2025/Web/apache-tomcat-10.1.44/webapps/docs] has finished in [121] ms
21-Aug-2025 15:25:37.366 INFO [main] org.apache.catalina.startup.HostConfig.deployDirectory Deploying web application directory [/Users/nguyendinhtanloc/Documents/Semester_1_2025/Web/apache-tomcat-10.1.44/webapps/manager]
21-Aug-2025 15:25:37.379 INFO [main] org.apache.catalina.startup.HostConfig.deployDirectory Deployment of web application directory [/Users/nguyendinhtanloc/Documents/Semester_1_2025/Web/apache-tomcat-10.1.44/webapps/manager] has finished in [13] ms
21-Aug-2025 15:25:37.379 INFO [main] org.apache.catalina.startup.HostConfig.deployDirectory Deploying web application directory [/Users/nguyendinhtanloc/Documents/Semester_1_2025/Web/apache-tomcat-10.1.44/webapps/examples]
21-Aug-2025 15:25:37.474 INFO [main] org.apache.catalina.startup.HostConfig.deployDirectory Deployment of web application directory [/Users/nguyendinhtanloc/Documents/Semester_1_2025/Web/apache-tomcat-10.1.44/webapps/examples] has finished in [95] ms
21-Aug-2025 15:25:37.474 INFO [main] org.apache.catalina.startup.HostConfig.deployDirectory Deploying web application directory [/Users/nguyendinhtanloc/Documents/Semester_1_2025/Web/apache-tomcat-10.1.44/webapps/ROOT]
21-Aug-2025 15:25:37.481 INFO [main] org.apache.catalina.startup.HostConfig.deployDirectory Deployment of web application directory [/Users/nguyendinhtanloc/Documents/Semester_1_2025/Web/apache-tomcat-10.1.44/webapps/ROOT] has finished in [7] ms
21-Aug-2025 15:25:37.481 INFO [main] org.apache.catalina.startup.HostConfig.deployDirectory Deploying web application directory [/Users/nguyendinhtanloc/Documents/Semester_1_2025/Web/apache-tomcat-10.1.44/webapps/host-manager]
21-Aug-2025 15:25:37.488 INFO [main] org.apache.catalina.startup.HostConfig.deployDirectory Deployment of web application directory [/Users/nguyendinhtanloc/Documents/Semester_1_2025/Web/apache-tomcat-10.1.44/webapps/host-manager] has finished in [7] ms
21-Aug-2025 15:25:37.489 INFO [main] org.apache.coyote.AbstractProtocol.start Starting ProtocolHandler ["http-nio-8080"]
21-Aug-2025 15:25:37.495 INFO [main] org.apache.catalina.startup.Catalina.start Server startup in [270] milliseconds
21-Aug-2025 15:55:24.092 INFO [main] org.apache.catalina.core.StandardServer.await A valid shutdown command was received via the shutdown port. Stopping the Server instance.
21-Aug-2025 15:55:24.094 INFO [main] org.apache.coyote.AbstractProtocol.pause Pausing ProtocolHandler ["http-nio-8080"]
21-Aug-2025 15:55:25.098 INFO [main] org.apache.catalina.core.StandardService.stopInternal Stopping service [Catalina]
21-Aug-2025 15:55:25.131 INFO [main] org.apache.coyote.AbstractProtocol.stop Stopping ProtocolHandler ["http-nio-8080"]
21-Aug-2025 15:55:25.736 WARNING [main] org.apache.tomcat.util.net.Acceptor.stopMillis The acceptor thread [http-nio-8080-Acceptor] did not stop cleanly
21-Aug-2025 15:55:25.747 INFO [main] org.apache.coyote.AbstractProtocol.destroy Destroying ProtocolHandler ["http-nio-8080"]
