22-Aug-2025 02:07:48.226 INFO [main] org.apache.catalina.core.ApplicationContext.log ContextListener: contextInitialized()
22-Aug-2025 02:07:48.226 INFO [main] org.apache.catalina.core.ApplicationContext.log SessionListener: contextInitialized()
22-Aug-2025 02:07:48.226 INFO [main] org.apache.catalina.core.ApplicationContext.log ContextListener: attributeAdded('StockTicker', 'async.Stockticker@2a3591c5')
22-Aug-2025 02:13:09.569 INFO [Catalina-utility-1] org.apache.catalina.core.ApplicationContext.log SessionListener: contextDestroyed()
22-Aug-2025 02:13:09.569 INFO [Catalina-utility-1] org.apache.catalina.core.ApplicationContext.log ContextListener: contextDestroyed()
22-Aug-2025 02:17:15.399 INFO [main] org.apache.catalina.core.ApplicationContext.log ContextListener: contextInitialized()
22-Aug-2025 02:17:15.399 INFO [main] org.apache.catalina.core.ApplicationContext.log SessionListener: contextInitialized()
22-Aug-2025 02:17:15.399 INFO [main] org.apache.catalina.core.ApplicationContext.log ContextListener: attributeAdded('StockTicker', 'async.Stockticker@751d3241')
22-Aug-2025 02:17:15.426 INFO [main] org.apache.catalina.core.ApplicationContext.log SessionListener: contextDestroyed()
22-Aug-2025 02:17:15.426 INFO [main] org.apache.catalina.core.ApplicationContext.log ContextListener: contextDestroyed()
22-Aug-2025 02:18:32.549 INFO [main] org.apache.catalina.core.ApplicationContext.log ContextListener: contextInitialized()
22-Aug-2025 02:18:32.549 INFO [main] org.apache.catalina.core.ApplicationContext.log SessionListener: contextInitialized()
22-Aug-2025 02:18:32.550 INFO [main] org.apache.catalina.core.ApplicationContext.log ContextListener: attributeAdded('StockTicker', 'async.Stockticker@18a3962d')
22-Aug-2025 02:20:31.402 INFO [main] org.apache.catalina.core.ApplicationContext.log SessionListener: contextDestroyed()
22-Aug-2025 02:20:31.402 INFO [main] org.apache.catalina.core.ApplicationContext.log ContextListener: contextDestroyed()
22-Aug-2025 02:20:34.385 INFO [main] org.apache.catalina.core.ApplicationContext.log ContextListener: contextInitialized()
22-Aug-2025 02:20:34.385 INFO [main] org.apache.catalina.core.ApplicationContext.log SessionListener: contextInitialized()
22-Aug-2025 02:20:34.385 INFO [main] org.apache.catalina.core.ApplicationContext.log ContextListener: attributeAdded('StockTicker', 'async.Stockticker@3d08f3f5')
22-Aug-2025 02:30:25.688 INFO [main] org.apache.catalina.core.ApplicationContext.log SessionListener: contextDestroyed()
22-Aug-2025 02:30:25.688 INFO [main] org.apache.catalina.core.ApplicationContext.log ContextListener: contextDestroyed()
22-Aug-2025 02:30:30.157 INFO [main] org.apache.catalina.core.ApplicationContext.log ContextListener: contextInitialized()
22-Aug-2025 02:30:30.157 INFO [main] org.apache.catalina.core.ApplicationContext.log SessionListener: contextInitialized()
22-Aug-2025 02:30:30.157 INFO [main] org.apache.catalina.core.ApplicationContext.log ContextListener: attributeAdded('StockTicker', 'async.Stockticker@55795845')
22-Aug-2025 02:34:24.890 INFO [main] org.apache.catalina.core.ApplicationContext.log SessionListener: contextDestroyed()
22-Aug-2025 02:34:24.890 INFO [main] org.apache.catalina.core.ApplicationContext.log ContextListener: contextDestroyed()
22-Aug-2025 02:34:27.628 INFO [main] org.apache.catalina.core.ApplicationContext.log ContextListener: contextInitialized()
22-Aug-2025 02:34:27.628 INFO [main] org.apache.catalina.core.ApplicationContext.log SessionListener: contextInitialized()
22-Aug-2025 02:34:27.629 INFO [main] org.apache.catalina.core.ApplicationContext.log ContextListener: attributeAdded('StockTicker', 'async.Stockticker@55795845')
22-Aug-2025 02:43:27.335 INFO [main] org.apache.catalina.core.ApplicationContext.log SessionListener: contextDestroyed()
22-Aug-2025 02:43:27.335 INFO [main] org.apache.catalina.core.ApplicationContext.log ContextListener: contextDestroyed()
22-Aug-2025 02:43:29.724 INFO [main] org.apache.catalina.core.ApplicationContext.log ContextListener: contextInitialized()
22-Aug-2025 02:43:29.724 INFO [main] org.apache.catalina.core.ApplicationContext.log SessionListener: contextInitialized()
22-Aug-2025 02:43:29.724 INFO [main] org.apache.catalina.core.ApplicationContext.log ContextListener: attributeAdded('StockTicker', 'async.Stockticker@76a36b71')
22-Aug-2025 02:43:50.702 INFO [http-nio-8080-exec-4] org.apache.catalina.core.ApplicationContext.log Marking servlet [EmailListServlet] as unavailable
22-Aug-2025 02:43:50.702 SEVERE [http-nio-8080-exec-4] org.apache.catalina.core.StandardWrapperValve.invoke Allocate exception for servlet [EmailListServlet]
	java.lang.ClassNotFoundException: javax.servlet.http.HttpServlet
		at org.apache.catalina.loader.WebappClassLoaderBase.loadClass(WebappClassLoaderBase.java:1380)
		at org.apache.catalina.loader.WebappClassLoaderBase.loadClass(WebappClassLoaderBase.java:1189)
		at java.base/java.lang.ClassLoader.defineClass1(Native Method)
		at java.base/java.lang.ClassLoader.defineClass(ClassLoader.java:1017)
		at java.base/java.security.SecureClassLoader.defineClass(SecureClassLoader.java:150)
		at org.apache.catalina.loader.WebappClassLoaderBase.findClassInternal(WebappClassLoaderBase.java:2363)
		at org.apache.catalina.loader.WebappClassLoaderBase.findClassInternal(WebappClassLoaderBase.java:2228)
		at org.apache.catalina.loader.WebappClassLoaderBase.findClass(WebappClassLoaderBase.java:814)
		at org.apache.catalina.loader.WebappClassLoaderBase.loadClass(WebappClassLoaderBase.java:1341)
		at org.apache.catalina.loader.WebappClassLoaderBase.loadClass(WebappClassLoaderBase.java:1189)
		at org.apache.catalina.core.DefaultInstanceManager.loadClass(DefaultInstanceManager.java:487)
		at org.apache.catalina.core.DefaultInstanceManager.loadClassMaybePrivileged(DefaultInstanceManager.java:469)
		at org.apache.catalina.core.DefaultInstanceManager.newInstance(DefaultInstanceManager.java:143)
		at org.apache.catalina.core.StandardWrapper.loadServlet(StandardWrapper.java:764)
		at org.apache.catalina.core.StandardWrapper.allocate(StandardWrapper.java:581)
		at org.apache.catalina.core.StandardWrapperValve.invoke(StandardWrapperValve.java:115)
		at org.apache.catalina.core.StandardContextValve.invoke(StandardContextValve.java:90)
		at org.apache.catalina.authenticator.AuthenticatorBase.invoke(AuthenticatorBase.java:483)
		at org.apache.catalina.core.StandardHostValve.invoke(StandardHostValve.java:116)
		at org.apache.catalina.valves.ErrorReportValve.invoke(ErrorReportValve.java:93)
		at org.apache.catalina.valves.AbstractAccessLogValve.invoke(AbstractAccessLogValve.java:666)
		at org.apache.catalina.core.StandardEngineValve.invoke(StandardEngineValve.java:74)
		at org.apache.catalina.connector.CoyoteAdapter.service(CoyoteAdapter.java:344)
		at org.apache.coyote.http11.Http11Processor.service(Http11Processor.java:398)
		at org.apache.coyote.AbstractProcessorLight.process(AbstractProcessorLight.java:63)
		at org.apache.coyote.AbstractProtocol$ConnectionHandler.process(AbstractProtocol.java:903)
		at org.apache.tomcat.util.net.NioEndpoint$SocketProcessor.doRun(NioEndpoint.java:1769)
		at org.apache.tomcat.util.net.SocketProcessorBase.run(SocketProcessorBase.java:52)
		at org.apache.tomcat.util.threads.ThreadPoolExecutor.runWorker(ThreadPoolExecutor.java:1189)
		at org.apache.tomcat.util.threads.ThreadPoolExecutor$Worker.run(ThreadPoolExecutor.java:658)
		at org.apache.tomcat.util.threads.TaskThread$WrappingRunnable.run(TaskThread.java:63)
		at java.base/java.lang.Thread.run(Thread.java:840)
22-Aug-2025 02:46:20.949 INFO [main] org.apache.catalina.core.ApplicationContext.log SessionListener: contextDestroyed()
22-Aug-2025 02:46:20.950 INFO [main] org.apache.catalina.core.ApplicationContext.log ContextListener: contextDestroyed()
22-Aug-2025 02:47:53.606 INFO [main] org.apache.catalina.core.ApplicationContext.log ContextListener: contextInitialized()
22-Aug-2025 02:47:53.606 INFO [main] org.apache.catalina.core.ApplicationContext.log SessionListener: contextInitialized()
22-Aug-2025 02:47:53.606 INFO [main] org.apache.catalina.core.ApplicationContext.log ContextListener: attributeAdded('StockTicker', 'async.Stockticker@3ebff828')
22-Aug-2025 02:52:06.848 INFO [main] org.apache.catalina.core.ApplicationContext.log SessionListener: contextDestroyed()
22-Aug-2025 02:52:06.848 INFO [main] org.apache.catalina.core.ApplicationContext.log ContextListener: contextDestroyed()
22-Aug-2025 02:53:27.332 INFO [main] org.apache.catalina.core.ApplicationContext.log ContextListener: contextInitialized()
22-Aug-2025 02:53:27.332 INFO [main] org.apache.catalina.core.ApplicationContext.log SessionListener: contextInitialized()
22-Aug-2025 02:53:27.332 INFO [main] org.apache.catalina.core.ApplicationContext.log ContextListener: attributeAdded('StockTicker', 'async.Stockticker@6c67e137')
22-Aug-2025 02:56:50.548 INFO [main] org.apache.catalina.core.ApplicationContext.log SessionListener: contextDestroyed()
22-Aug-2025 02:56:50.548 INFO [main] org.apache.catalina.core.ApplicationContext.log ContextListener: contextDestroyed()
22-Aug-2025 02:57:59.751 INFO [main] org.apache.catalina.core.ApplicationContext.log ContextListener: contextInitialized()
22-Aug-2025 02:57:59.751 INFO [main] org.apache.catalina.core.ApplicationContext.log SessionListener: contextInitialized()
22-Aug-2025 02:57:59.752 INFO [main] org.apache.catalina.core.ApplicationContext.log ContextListener: attributeAdded('StockTicker', 'async.Stockticker@5f2606b')
22-Aug-2025 02:58:25.975 INFO [main] org.apache.catalina.core.ApplicationContext.log SessionListener: contextDestroyed()
22-Aug-2025 02:58:25.975 INFO [main] org.apache.catalina.core.ApplicationContext.log ContextListener: contextDestroyed()
