28-Sep-2025 21:24:30.662 INFO [main] org.apache.catalina.core.ApplicationContext.log ContextListener: contextInitialized()
28-Sep-2025 21:24:30.662 INFO [main] org.apache.catalina.core.ApplicationContext.log SessionListener: contextInitialized()
28-Sep-2025 21:24:30.663 INFO [main] org.apache.catalina.core.ApplicationContext.log ContextListener: attributeAdded('StockTicker', 'async.Stockticker@20d11153')
28-Sep-2025 21:26:33.452 INFO [main] org.apache.catalina.core.ApplicationContext.log ContextListener: contextInitialized()
28-Sep-2025 21:26:33.452 INFO [main] org.apache.catalina.core.ApplicationContext.log SessionListener: contextInitialized()
28-Sep-2025 21:26:33.453 INFO [main] org.apache.catalina.core.ApplicationContext.log ContextListener: attributeAdded('StockTicker', 'async.Stockticker@c7a977f')
28-Sep-2025 21:26:33.479 INFO [main] org.apache.catalina.core.ApplicationContext.log SessionListener: contextDestroyed()
28-Sep-2025 21:26:33.479 INFO [main] org.apache.catalina.core.ApplicationContext.log ContextListener: contextDestroyed()
28-Sep-2025 21:26:37.466 INFO [main] org.apache.catalina.core.ApplicationContext.log SessionListener: contextDestroyed()
28-Sep-2025 21:26:37.466 INFO [main] org.apache.catalina.core.ApplicationContext.log ContextListener: contextDestroyed()
28-Sep-2025 21:26:59.876 INFO [main] org.apache.catalina.core.ApplicationContext.log ContextListener: contextInitialized()
28-Sep-2025 21:26:59.876 INFO [main] org.apache.catalina.core.ApplicationContext.log SessionListener: contextInitialized()
28-Sep-2025 21:26:59.876 INFO [main] org.apache.catalina.core.ApplicationContext.log ContextListener: attributeAdded('StockTicker', 'async.Stockticker@36074e47')
28-Sep-2025 21:36:03.084 INFO [main] org.apache.catalina.core.ApplicationContext.log SessionListener: contextDestroyed()
28-Sep-2025 21:36:03.084 INFO [main] org.apache.catalina.core.ApplicationContext.log ContextListener: contextDestroyed()
28-Sep-2025 21:37:04.597 INFO [main] org.apache.catalina.core.ApplicationContext.log ContextListener: contextInitialized()
28-Sep-2025 21:37:04.597 INFO [main] org.apache.catalina.core.ApplicationContext.log SessionListener: contextInitialized()
28-Sep-2025 21:37:04.597 INFO [main] org.apache.catalina.core.ApplicationContext.log ContextListener: attributeAdded('StockTicker', 'async.Stockticker@20d11153')
28-Sep-2025 21:38:41.327 INFO [main] org.apache.catalina.core.ApplicationContext.log SessionListener: contextDestroyed()
28-Sep-2025 21:38:41.328 INFO [main] org.apache.catalina.core.ApplicationContext.log ContextListener: contextDestroyed()
