07-Sep-2025 20:23:39.914 INFO [main] org.apache.catalina.core.ApplicationContext.log ContextListener: contextInitialized()
07-Sep-2025 20:23:39.914 INFO [main] org.apache.catalina.core.ApplicationContext.log SessionListener: contextInitialized()
07-Sep-2025 20:23:39.915 INFO [main] org.apache.catalina.core.ApplicationContext.log ContextListener: attributeAdded('StockTicker', 'async.Stockticker@6d8792db')
07-Sep-2025 20:23:39.942 INFO [main] org.apache.catalina.core.ApplicationContext.log SessionListener: contextDestroyed()
07-Sep-2025 20:23:39.942 INFO [main] org.apache.catalina.core.ApplicationContext.log ContextListener: contextDestroyed()
07-Sep-2025 20:24:10.689 INFO [main] org.apache.catalina.core.ApplicationContext.log ContextListener: contextInitialized()
07-Sep-2025 20:24:10.689 INFO [main] org.apache.catalina.core.ApplicationContext.log SessionListener: contextInitialized()
07-Sep-2025 20:24:10.690 INFO [main] org.apache.catalina.core.ApplicationContext.log ContextListener: attributeAdded('StockTicker', 'async.Stockticker@5fb97279')
07-Sep-2025 20:33:27.925 INFO [main] org.apache.catalina.core.ApplicationContext.log SessionListener: contextDestroyed()
07-Sep-2025 20:33:27.925 INFO [main] org.apache.catalina.core.ApplicationContext.log ContextListener: contextDestroyed()
07-Sep-2025 20:34:04.387 INFO [main] org.apache.catalina.core.ApplicationContext.log ContextListener: contextInitialized()
07-Sep-2025 20:34:04.387 INFO [main] org.apache.catalina.core.ApplicationContext.log SessionListener: contextInitialized()
07-Sep-2025 20:34:04.387 INFO [main] org.apache.catalina.core.ApplicationContext.log ContextListener: attributeAdded('StockTicker', 'async.Stockticker@1cb3ec38')
07-Sep-2025 20:34:07.848 INFO [main] org.apache.catalina.core.ApplicationContext.log SessionListener: contextDestroyed()
07-Sep-2025 20:34:07.848 INFO [main] org.apache.catalina.core.ApplicationContext.log ContextListener: contextDestroyed()
07-Sep-2025 20:34:09.995 INFO [main] org.apache.catalina.core.ApplicationContext.log ContextListener: contextInitialized()
07-Sep-2025 20:34:09.995 INFO [main] org.apache.catalina.core.ApplicationContext.log SessionListener: contextInitialized()
07-Sep-2025 20:34:09.996 INFO [main] org.apache.catalina.core.ApplicationContext.log ContextListener: attributeAdded('StockTicker', 'async.Stockticker@7876d598')
07-Sep-2025 20:34:58.887 INFO [main] org.apache.catalina.core.ApplicationContext.log SessionListener: contextDestroyed()
07-Sep-2025 20:34:58.887 INFO [main] org.apache.catalina.core.ApplicationContext.log ContextListener: contextDestroyed()
07-Sep-2025 20:35:01.111 INFO [main] org.apache.catalina.core.ApplicationContext.log ContextListener: contextInitialized()
07-Sep-2025 20:35:01.111 INFO [main] org.apache.catalina.core.ApplicationContext.log SessionListener: contextInitialized()
07-Sep-2025 20:35:01.112 INFO [main] org.apache.catalina.core.ApplicationContext.log ContextListener: attributeAdded('StockTicker', 'async.Stockticker@669513d8')
07-Sep-2025 20:41:02.235 INFO [main] org.apache.catalina.core.ApplicationContext.log SessionListener: contextDestroyed()
07-Sep-2025 20:41:02.235 INFO [main] org.apache.catalina.core.ApplicationContext.log ContextListener: contextDestroyed()
07-Sep-2025 20:41:34.072 INFO [main] org.apache.catalina.core.ApplicationContext.log ContextListener: contextInitialized()
07-Sep-2025 20:41:34.072 INFO [main] org.apache.catalina.core.ApplicationContext.log SessionListener: contextInitialized()
07-Sep-2025 20:41:34.072 INFO [main] org.apache.catalina.core.ApplicationContext.log ContextListener: attributeAdded('StockTicker', 'async.Stockticker@403132fc')
07-Sep-2025 20:42:36.353 INFO [main] org.apache.catalina.core.ApplicationContext.log SessionListener: contextDestroyed()
07-Sep-2025 20:42:36.353 INFO [main] org.apache.catalina.core.ApplicationContext.log ContextListener: contextDestroyed()
07-Sep-2025 21:04:44.775 INFO [main] org.apache.catalina.core.ApplicationContext.log ContextListener: contextInitialized()
07-Sep-2025 21:04:44.775 INFO [main] org.apache.catalina.core.ApplicationContext.log SessionListener: contextInitialized()
07-Sep-2025 21:04:44.775 INFO [main] org.apache.catalina.core.ApplicationContext.log ContextListener: attributeAdded('StockTicker', 'async.Stockticker@74cec793')
07-Sep-2025 21:09:33.790 INFO [main] org.apache.catalina.core.ApplicationContext.log SessionListener: contextDestroyed()
07-Sep-2025 21:09:33.790 INFO [main] org.apache.catalina.core.ApplicationContext.log ContextListener: contextDestroyed()
07-Sep-2025 21:10:08.299 INFO [main] org.apache.catalina.core.ApplicationContext.log ContextListener: contextInitialized()
07-Sep-2025 21:10:08.299 INFO [main] org.apache.catalina.core.ApplicationContext.log SessionListener: contextInitialized()
07-Sep-2025 21:10:08.299 INFO [main] org.apache.catalina.core.ApplicationContext.log ContextListener: attributeAdded('StockTicker', 'async.Stockticker@7bf9b098')
07-Sep-2025 21:23:44.851 INFO [main] org.apache.catalina.core.ApplicationContext.log SessionListener: contextDestroyed()
07-Sep-2025 21:23:44.851 INFO [main] org.apache.catalina.core.ApplicationContext.log ContextListener: contextDestroyed()
07-Sep-2025 21:24:27.726 INFO [main] org.apache.catalina.core.ApplicationContext.log ContextListener: contextInitialized()
07-Sep-2025 21:24:27.726 INFO [main] org.apache.catalina.core.ApplicationContext.log SessionListener: contextInitialized()
07-Sep-2025 21:24:27.726 INFO [main] org.apache.catalina.core.ApplicationContext.log ContextListener: attributeAdded('StockTicker', 'async.Stockticker@7f69d591')
07-Sep-2025 21:34:57.023 INFO [main] org.apache.catalina.core.ApplicationContext.log SessionListener: contextDestroyed()
07-Sep-2025 21:34:57.023 INFO [main] org.apache.catalina.core.ApplicationContext.log ContextListener: contextDestroyed()
