14-Sep-2025 15:33:28.369 INFO [main] org.apache.catalina.core.ApplicationContext.log ContextListener: contextInitialized()
14-Sep-2025 15:33:28.369 INFO [main] org.apache.catalina.core.ApplicationContext.log SessionListener: contextInitialized()
14-Sep-2025 15:33:28.369 INFO [main] org.apache.catalina.core.ApplicationContext.log ContextListener: attributeAdded('StockTicker', 'async.Stockticker@1a1d3c1a')
14-Sep-2025 15:33:29.578 INFO [main] org.apache.catalina.core.ApplicationContext.log SessionListener: contextDestroyed()
14-Sep-2025 15:33:29.578 INFO [main] org.apache.catalina.core.ApplicationContext.log ContextListener: contextDestroyed()
14-Sep-2025 15:33:31.533 INFO [main] org.apache.catalina.core.ApplicationContext.log ContextListener: contextInitialized()
14-Sep-2025 15:33:31.534 INFO [main] org.apache.catalina.core.ApplicationContext.log SessionListener: contextInitialized()
14-Sep-2025 15:33:31.534 INFO [main] org.apache.catalina.core.ApplicationContext.log ContextListener: attributeAdded('StockTicker', 'async.Stockticker@3be8821f')
14-Sep-2025 15:34:19.309 INFO [http-nio-8080-exec-2] org.apache.catalina.core.ApplicationContext.log Marking servlet [SurveyServlet] as unavailable
14-Sep-2025 15:34:19.309 SEVERE [http-nio-8080-exec-2] org.apache.catalina.core.StandardWrapperValve.invoke Allocate exception for servlet [SurveyServlet]
	java.lang.ClassNotFoundException: murach.controller.SurveyServlet
		at org.apache.catalina.loader.WebappClassLoaderBase.loadClass(WebappClassLoaderBase.java:1354)
		at org.apache.catalina.loader.WebappClassLoaderBase.loadClass(WebappClassLoaderBase.java:1163)
		at org.apache.catalina.core.DefaultInstanceManager.loadClass(DefaultInstanceManager.java:484)
		at org.apache.catalina.core.DefaultInstanceManager.loadClassMaybePrivileged(DefaultInstanceManager.java:466)
		at org.apache.catalina.core.DefaultInstanceManager.newInstance(DefaultInstanceManager.java:142)
		at org.apache.catalina.core.StandardWrapper.loadServlet(StandardWrapper.java:903)
		at org.apache.catalina.core.StandardWrapper.allocate(StandardWrapper.java:664)
		at org.apache.catalina.core.StandardWrapperValve.invoke(StandardWrapperValve.java:116)
		at org.apache.catalina.core.StandardContextValve.invoke(StandardContextValve.java:90)
		at org.apache.catalina.authenticator.AuthenticatorBase.invoke(AuthenticatorBase.java:482)
		at org.apache.catalina.core.StandardHostValve.invoke(StandardHostValve.java:130)
		at org.apache.catalina.valves.ErrorReportValve.invoke(ErrorReportValve.java:93)
		at org.apache.catalina.valves.AbstractAccessLogValve.invoke(AbstractAccessLogValve.java:656)
		at org.apache.catalina.core.StandardEngineValve.invoke(StandardEngineValve.java:74)
		at org.apache.catalina.connector.CoyoteAdapter.service(CoyoteAdapter.java:346)
		at org.apache.coyote.http11.Http11Processor.service(Http11Processor.java:397)
		at org.apache.coyote.AbstractProcessorLight.process(AbstractProcessorLight.java:63)
		at org.apache.coyote.AbstractProtocol$ConnectionHandler.process(AbstractProtocol.java:935)
		at org.apache.tomcat.util.net.NioEndpoint$SocketProcessor.doRun(NioEndpoint.java:1826)
		at org.apache.tomcat.util.net.SocketProcessorBase.run(SocketProcessorBase.java:52)
		at org.apache.tomcat.util.threads.ThreadPoolExecutor.runWorker(ThreadPoolExecutor.java:1189)
		at org.apache.tomcat.util.threads.ThreadPoolExecutor$Worker.run(ThreadPoolExecutor.java:658)
		at org.apache.tomcat.util.threads.TaskThread$WrappingRunnable.run(TaskThread.java:63)
		at java.base/java.lang.Thread.run(Thread.java:840)
14-Sep-2025 15:38:50.225 INFO [main] org.apache.catalina.core.ApplicationContext.log SessionListener: contextDestroyed()
14-Sep-2025 15:38:50.225 INFO [main] org.apache.catalina.core.ApplicationContext.log ContextListener: contextDestroyed()
14-Sep-2025 15:39:36.491 INFO [main] org.apache.catalina.core.ApplicationContext.log ContextListener: contextInitialized()
14-Sep-2025 15:39:36.491 INFO [main] org.apache.catalina.core.ApplicationContext.log SessionListener: contextInitialized()
14-Sep-2025 15:39:36.491 INFO [main] org.apache.catalina.core.ApplicationContext.log ContextListener: attributeAdded('StockTicker', 'async.Stockticker@282308c3')
14-Sep-2025 15:39:37.973 INFO [main] org.apache.catalina.core.ApplicationContext.log SessionListener: contextDestroyed()
14-Sep-2025 15:39:37.973 INFO [main] org.apache.catalina.core.ApplicationContext.log ContextListener: contextDestroyed()
14-Sep-2025 15:39:40.635 INFO [main] org.apache.catalina.core.ApplicationContext.log ContextListener: contextInitialized()
14-Sep-2025 15:39:40.635 INFO [main] org.apache.catalina.core.ApplicationContext.log SessionListener: contextInitialized()
14-Sep-2025 15:39:40.636 INFO [main] org.apache.catalina.core.ApplicationContext.log ContextListener: attributeAdded('StockTicker', 'async.Stockticker@6548bb7d')
14-Sep-2025 15:39:55.272 INFO [http-nio-8080-exec-5] org.apache.catalina.core.ApplicationContext.log Marking servlet [SurveyServlet] as unavailable
14-Sep-2025 15:39:55.273 SEVERE [http-nio-8080-exec-5] org.apache.catalina.core.StandardWrapperValve.invoke Allocate exception for servlet [SurveyServlet]
	java.lang.ClassNotFoundException: murach.controller.SurveyServlet
		at org.apache.catalina.loader.WebappClassLoaderBase.loadClass(WebappClassLoaderBase.java:1354)
		at org.apache.catalina.loader.WebappClassLoaderBase.loadClass(WebappClassLoaderBase.java:1163)
		at org.apache.catalina.core.DefaultInstanceManager.loadClass(DefaultInstanceManager.java:484)
		at org.apache.catalina.core.DefaultInstanceManager.loadClassMaybePrivileged(DefaultInstanceManager.java:466)
		at org.apache.catalina.core.DefaultInstanceManager.newInstance(DefaultInstanceManager.java:142)
		at org.apache.catalina.core.StandardWrapper.loadServlet(StandardWrapper.java:903)
		at org.apache.catalina.core.StandardWrapper.allocate(StandardWrapper.java:664)
		at org.apache.catalina.core.StandardWrapperValve.invoke(StandardWrapperValve.java:116)
		at org.apache.catalina.core.StandardContextValve.invoke(StandardContextValve.java:90)
		at org.apache.catalina.authenticator.AuthenticatorBase.invoke(AuthenticatorBase.java:482)
		at org.apache.catalina.core.StandardHostValve.invoke(StandardHostValve.java:130)
		at org.apache.catalina.valves.ErrorReportValve.invoke(ErrorReportValve.java:93)
		at org.apache.catalina.valves.AbstractAccessLogValve.invoke(AbstractAccessLogValve.java:656)
		at org.apache.catalina.core.StandardEngineValve.invoke(StandardEngineValve.java:74)
		at org.apache.catalina.connector.CoyoteAdapter.service(CoyoteAdapter.java:346)
		at org.apache.coyote.http11.Http11Processor.service(Http11Processor.java:397)
		at org.apache.coyote.AbstractProcessorLight.process(AbstractProcessorLight.java:63)
		at org.apache.coyote.AbstractProtocol$ConnectionHandler.process(AbstractProtocol.java:935)
		at org.apache.tomcat.util.net.NioEndpoint$SocketProcessor.doRun(NioEndpoint.java:1826)
		at org.apache.tomcat.util.net.SocketProcessorBase.run(SocketProcessorBase.java:52)
		at org.apache.tomcat.util.threads.ThreadPoolExecutor.runWorker(ThreadPoolExecutor.java:1189)
		at org.apache.tomcat.util.threads.ThreadPoolExecutor$Worker.run(ThreadPoolExecutor.java:658)
		at org.apache.tomcat.util.threads.TaskThread$WrappingRunnable.run(TaskThread.java:63)
		at java.base/java.lang.Thread.run(Thread.java:840)
14-Sep-2025 15:46:36.438 INFO [main] org.apache.catalina.core.ApplicationContext.log ContextListener: contextInitialized()
14-Sep-2025 15:46:36.438 INFO [main] org.apache.catalina.core.ApplicationContext.log SessionListener: contextInitialized()
14-Sep-2025 15:46:36.439 INFO [main] org.apache.catalina.core.ApplicationContext.log ContextListener: attributeAdded('StockTicker', 'async.Stockticker@a23a01d')
14-Sep-2025 15:46:36.465 INFO [main] org.apache.catalina.core.ApplicationContext.log SessionListener: contextDestroyed()
14-Sep-2025 15:46:36.465 INFO [main] org.apache.catalina.core.ApplicationContext.log ContextListener: contextDestroyed()
14-Sep-2025 15:46:37.517 INFO [main] org.apache.catalina.core.ApplicationContext.log SessionListener: contextDestroyed()
14-Sep-2025 15:46:37.517 INFO [main] org.apache.catalina.core.ApplicationContext.log ContextListener: contextDestroyed()
14-Sep-2025 15:46:39.232 INFO [main] org.apache.catalina.core.ApplicationContext.log ContextListener: contextInitialized()
14-Sep-2025 15:46:39.232 INFO [main] org.apache.catalina.core.ApplicationContext.log SessionListener: contextInitialized()
14-Sep-2025 15:46:39.233 INFO [main] org.apache.catalina.core.ApplicationContext.log ContextListener: attributeAdded('StockTicker', 'async.Stockticker@74a9c4b0')
14-Sep-2025 16:02:46.968 INFO [main] org.apache.catalina.core.ApplicationContext.log SessionListener: contextDestroyed()
14-Sep-2025 16:02:46.968 INFO [main] org.apache.catalina.core.ApplicationContext.log ContextListener: contextDestroyed()
