15-Sep-2025 00:05:11.312 INFO [main] org.apache.catalina.core.ApplicationContext.log ContextListener: contextInitialized()
15-Sep-2025 00:05:11.312 INFO [main] org.apache.catalina.core.ApplicationContext.log SessionListener: contextInitialized()
15-Sep-2025 00:05:11.312 INFO [main] org.apache.catalina.core.ApplicationContext.log ContextListener: attributeAdded('StockTicker', 'async.Stockticker@a23a01d')
15-Sep-2025 00:05:11.340 INFO [main] org.apache.catalina.core.ApplicationContext.log SessionListener: contextDestroyed()
15-Sep-2025 00:05:11.340 INFO [main] org.apache.catalina.core.ApplicationContext.log ContextListener: contextDestroyed()
15-Sep-2025 00:05:12.002 INFO [main] org.apache.catalina.core.ApplicationContext.log SessionListener: contextDestroyed()
15-Sep-2025 00:05:12.002 INFO [main] org.apache.catalina.core.ApplicationContext.log ContextListener: contextDestroyed()
15-Sep-2025 00:05:13.440 INFO [main] org.apache.catalina.core.ApplicationContext.log ContextListener: contextInitialized()
15-Sep-2025 00:05:13.440 INFO [main] org.apache.catalina.core.ApplicationContext.log SessionListener: contextInitialized()
15-Sep-2025 00:05:13.440 INFO [main] org.apache.catalina.core.ApplicationContext.log ContextListener: attributeAdded('StockTicker', 'async.Stockticker@271f18d3')
15-Sep-2025 00:05:43.339 INFO [http-nio-8080-exec-2] org.apache.catalina.core.ApplicationContext.log Marking servlet [EmailListServlet] as unavailable
15-Sep-2025 00:05:43.340 SEVERE [http-nio-8080-exec-2] org.apache.catalina.core.StandardWrapperValve.invoke Allocate exception for servlet [EmailListServlet]
	java.lang.ClassNotFoundException: murach.email.EmailListServlet
		at org.apache.catalina.loader.WebappClassLoaderBase.loadClass(WebappClassLoaderBase.java:1354)
		at org.apache.catalina.loader.WebappClassLoaderBase.loadClass(WebappClassLoaderBase.java:1163)
		at org.apache.catalina.core.DefaultInstanceManager.loadClass(DefaultInstanceManager.java:484)
		at org.apache.catalina.core.DefaultInstanceManager.loadClassMaybePrivileged(DefaultInstanceManager.java:466)
		at org.apache.catalina.core.DefaultInstanceManager.newInstance(DefaultInstanceManager.java:142)
		at org.apache.catalina.core.StandardWrapper.loadServlet(StandardWrapper.java:903)
		at org.apache.catalina.core.StandardWrapper.allocate(StandardWrapper.java:664)
		at org.apache.catalina.core.StandardWrapperValve.invoke(StandardWrapperValve.java:116)
		at org.apache.catalina.core.StandardContextValve.invoke(StandardContextValve.java:90)
		at org.apache.catalina.authenticator.AuthenticatorBase.invoke(AuthenticatorBase.java:482)
		at org.apache.catalina.core.StandardHostValve.invoke(StandardHostValve.java:130)
		at org.apache.catalina.valves.ErrorReportValve.invoke(ErrorReportValve.java:93)
		at org.apache.catalina.valves.AbstractAccessLogValve.invoke(AbstractAccessLogValve.java:656)
		at org.apache.catalina.core.StandardEngineValve.invoke(StandardEngineValve.java:74)
		at org.apache.catalina.connector.CoyoteAdapter.service(CoyoteAdapter.java:346)
		at org.apache.coyote.http11.Http11Processor.service(Http11Processor.java:397)
		at org.apache.coyote.AbstractProcessorLight.process(AbstractProcessorLight.java:63)
		at org.apache.coyote.AbstractProtocol$ConnectionHandler.process(AbstractProtocol.java:935)
		at org.apache.tomcat.util.net.NioEndpoint$SocketProcessor.doRun(NioEndpoint.java:1826)
		at org.apache.tomcat.util.net.SocketProcessorBase.run(SocketProcessorBase.java:52)
		at org.apache.tomcat.util.threads.ThreadPoolExecutor.runWorker(ThreadPoolExecutor.java:1189)
		at org.apache.tomcat.util.threads.ThreadPoolExecutor$Worker.run(ThreadPoolExecutor.java:658)
		at org.apache.tomcat.util.threads.TaskThread$WrappingRunnable.run(TaskThread.java:63)
		at java.base/java.lang.Thread.run(Thread.java:840)
15-Sep-2025 00:06:59.430 INFO [main] org.apache.catalina.core.ApplicationContext.log SessionListener: contextDestroyed()
15-Sep-2025 00:06:59.430 INFO [main] org.apache.catalina.core.ApplicationContext.log ContextListener: contextDestroyed()
15-Sep-2025 00:08:33.208 INFO [main] org.apache.catalina.core.ApplicationContext.log ContextListener: contextInitialized()
15-Sep-2025 00:08:33.208 INFO [main] org.apache.catalina.core.ApplicationContext.log SessionListener: contextInitialized()
15-Sep-2025 00:08:33.208 INFO [main] org.apache.catalina.core.ApplicationContext.log ContextListener: attributeAdded('StockTicker', 'async.Stockticker@4a67318f')
15-Sep-2025 00:08:34.607 INFO [main] org.apache.catalina.core.ApplicationContext.log SessionListener: contextDestroyed()
15-Sep-2025 00:08:34.607 INFO [main] org.apache.catalina.core.ApplicationContext.log ContextListener: contextDestroyed()
15-Sep-2025 00:08:36.490 INFO [main] org.apache.catalina.core.ApplicationContext.log ContextListener: contextInitialized()
15-Sep-2025 00:08:36.490 INFO [main] org.apache.catalina.core.ApplicationContext.log SessionListener: contextInitialized()
15-Sep-2025 00:08:36.493 INFO [main] org.apache.catalina.core.ApplicationContext.log ContextListener: attributeAdded('StockTicker', 'async.Stockticker@1556f2dd')
15-Sep-2025 00:09:15.878 SEVERE [http-nio-8080-exec-8] org.apache.catalina.core.StandardWrapperValve.invoke Servlet.service() for servlet [EmailListServlet] in context with path [/Lesson] threw exception
	java.lang.NullPointerException: Cannot invoke "String.isEmpty()" because "headFrom" is null
		at murach.email.EmailListServlet.doPost(EmailListServlet.java:41)
		at javax.servlet.http.HttpServlet.service(HttpServlet.java:555)
		at javax.servlet.http.HttpServlet.service(HttpServlet.java:623)
		at org.apache.catalina.core.ApplicationFilterChain.internalDoFilter(ApplicationFilterChain.java:199)
		at org.apache.catalina.core.ApplicationFilterChain.doFilter(ApplicationFilterChain.java:144)
		at org.apache.tomcat.websocket.server.WsFilter.doFilter(WsFilter.java:51)
		at org.apache.catalina.core.ApplicationFilterChain.internalDoFilter(ApplicationFilterChain.java:168)
		at org.apache.catalina.core.ApplicationFilterChain.doFilter(ApplicationFilterChain.java:144)
		at org.apache.catalina.core.StandardWrapperValve.invoke(StandardWrapperValve.java:168)
		at org.apache.catalina.core.StandardContextValve.invoke(StandardContextValve.java:90)
		at org.apache.catalina.authenticator.AuthenticatorBase.invoke(AuthenticatorBase.java:482)
		at org.apache.catalina.core.StandardHostValve.invoke(StandardHostValve.java:130)
		at org.apache.catalina.valves.ErrorReportValve.invoke(ErrorReportValve.java:93)
		at org.apache.catalina.valves.AbstractAccessLogValve.invoke(AbstractAccessLogValve.java:656)
		at org.apache.catalina.core.StandardEngineValve.invoke(StandardEngineValve.java:74)
		at org.apache.catalina.connector.CoyoteAdapter.service(CoyoteAdapter.java:346)
		at org.apache.coyote.http11.Http11Processor.service(Http11Processor.java:397)
		at org.apache.coyote.AbstractProcessorLight.process(AbstractProcessorLight.java:63)
		at org.apache.coyote.AbstractProtocol$ConnectionHandler.process(AbstractProtocol.java:935)
		at org.apache.tomcat.util.net.NioEndpoint$SocketProcessor.doRun(NioEndpoint.java:1826)
		at org.apache.tomcat.util.net.SocketProcessorBase.run(SocketProcessorBase.java:52)
		at org.apache.tomcat.util.threads.ThreadPoolExecutor.runWorker(ThreadPoolExecutor.java:1189)
		at org.apache.tomcat.util.threads.ThreadPoolExecutor$Worker.run(ThreadPoolExecutor.java:658)
		at org.apache.tomcat.util.threads.TaskThread$WrappingRunnable.run(TaskThread.java:63)
		at java.base/java.lang.Thread.run(Thread.java:840)
15-Sep-2025 00:10:19.516 SEVERE [http-nio-8080-exec-5] org.apache.catalina.core.ApplicationDispatcher.invoke Servlet.service() for servlet [jsp] threw exception
	javax.el.PropertyNotFoundException: Property [heardFrom] not found on type [murach.business.User]
		at javax.el.BeanELResolver$BeanProperties.get(BeanELResolver.java:253)
		at javax.el.BeanELResolver$BeanProperties.access$300(BeanELResolver.java:206)
		at javax.el.BeanELResolver.property(BeanELResolver.java:322)
		at javax.el.BeanELResolver.getValue(BeanELResolver.java:93)
		at org.apache.jasper.el.JasperELResolver.getValue(JasperELResolver.java:123)
		at org.apache.el.parser.AstValue.getValue(AstValue.java:163)
		at org.apache.el.parser.AstEqual.getValue(AstEqual.java:36)
		at org.apache.el.parser.AstChoice.getValue(AstChoice.java:43)
		at org.apache.el.ValueExpressionImpl.getValue(ValueExpressionImpl.java:151)
		at org.apache.jasper.runtime.PageContextImpl.proprietaryEvaluate(PageContextImpl.java:663)
		at org.apache.jsp.index_jsp._jspService(index_jsp.java:166)
		at org.apache.jasper.runtime.HttpJspBase.service(HttpJspBase.java:64)
		at javax.servlet.http.HttpServlet.service(HttpServlet.java:623)
		at org.apache.jasper.servlet.JspServletWrapper.service(JspServletWrapper.java:446)
		at org.apache.jasper.servlet.JspServlet.serviceJspFile(JspServlet.java:356)
		at org.apache.jasper.servlet.JspServlet.service(JspServlet.java:307)
		at javax.servlet.http.HttpServlet.service(HttpServlet.java:623)
		at org.apache.catalina.core.ApplicationFilterChain.internalDoFilter(ApplicationFilterChain.java:199)
		at org.apache.catalina.core.ApplicationFilterChain.doFilter(ApplicationFilterChain.java:144)
		at org.apache.tomcat.websocket.server.WsFilter.doFilter(WsFilter.java:51)
		at org.apache.catalina.core.ApplicationFilterChain.internalDoFilter(ApplicationFilterChain.java:168)
		at org.apache.catalina.core.ApplicationFilterChain.doFilter(ApplicationFilterChain.java:144)
		at org.apache.catalina.core.ApplicationDispatcher.invoke(ApplicationDispatcher.java:621)
		at org.apache.catalina.core.ApplicationDispatcher.processRequest(ApplicationDispatcher.java:401)
		at org.apache.catalina.core.ApplicationDispatcher.doForward(ApplicationDispatcher.java:340)
		at org.apache.catalina.core.ApplicationDispatcher.forward(ApplicationDispatcher.java:285)
		at murach.email.EmailListServlet.doPost(EmailListServlet.java:59)
		at javax.servlet.http.HttpServlet.service(HttpServlet.java:555)
		at javax.servlet.http.HttpServlet.service(HttpServlet.java:623)
		at org.apache.catalina.core.ApplicationFilterChain.internalDoFilter(ApplicationFilterChain.java:199)
		at org.apache.catalina.core.ApplicationFilterChain.doFilter(ApplicationFilterChain.java:144)
		at org.apache.tomcat.websocket.server.WsFilter.doFilter(WsFilter.java:51)
		at org.apache.catalina.core.ApplicationFilterChain.internalDoFilter(ApplicationFilterChain.java:168)
		at org.apache.catalina.core.ApplicationFilterChain.doFilter(ApplicationFilterChain.java:144)
		at org.apache.catalina.core.StandardWrapperValve.invoke(StandardWrapperValve.java:168)
		at org.apache.catalina.core.StandardContextValve.invoke(StandardContextValve.java:90)
		at org.apache.catalina.authenticator.AuthenticatorBase.invoke(AuthenticatorBase.java:482)
		at org.apache.catalina.core.StandardHostValve.invoke(StandardHostValve.java:130)
		at org.apache.catalina.valves.ErrorReportValve.invoke(ErrorReportValve.java:93)
		at org.apache.catalina.valves.AbstractAccessLogValve.invoke(AbstractAccessLogValve.java:656)
		at org.apache.catalina.core.StandardEngineValve.invoke(StandardEngineValve.java:74)
		at org.apache.catalina.connector.CoyoteAdapter.service(CoyoteAdapter.java:346)
		at org.apache.coyote.http11.Http11Processor.service(Http11Processor.java:397)
		at org.apache.coyote.AbstractProcessorLight.process(AbstractProcessorLight.java:63)
		at org.apache.coyote.AbstractProtocol$ConnectionHandler.process(AbstractProtocol.java:935)
		at org.apache.tomcat.util.net.NioEndpoint$SocketProcessor.doRun(NioEndpoint.java:1826)
		at org.apache.tomcat.util.net.SocketProcessorBase.run(SocketProcessorBase.java:52)
		at org.apache.tomcat.util.threads.ThreadPoolExecutor.runWorker(ThreadPoolExecutor.java:1189)
		at org.apache.tomcat.util.threads.ThreadPoolExecutor$Worker.run(ThreadPoolExecutor.java:658)
		at org.apache.tomcat.util.threads.TaskThread$WrappingRunnable.run(TaskThread.java:63)
		at java.base/java.lang.Thread.run(Thread.java:840)
15-Sep-2025 00:10:19.516 SEVERE [http-nio-8080-exec-5] org.apache.catalina.core.StandardWrapperValve.invoke Servlet.service() for servlet [EmailListServlet] in context with path [/Lesson] threw exception [An exception occurred processing [index.jsp] at line [22]

19:             <label class="pad_top">Heard from:</label>
20:             <select name="heardFrom">
21:                 <option value="">--Select--</option>
22:                 <option value="Search Engine" ${user.heardFrom=='Search Engine' ? 'selected' : '' }>Search Engine
23:                 </option>
24:                 <option value="Friend" ${user.heardFrom=='Friend' ? 'selected' : '' }>Friend</option>
25:                 <option value="Other" ${user.heardFrom=='Other' ? 'selected' : '' }>Other</option>


Stacktrace:] with root cause
	javax.el.PropertyNotFoundException: Property [heardFrom] not found on type [murach.business.User]
		at javax.el.BeanELResolver$BeanProperties.get(BeanELResolver.java:253)
		at javax.el.BeanELResolver$BeanProperties.access$300(BeanELResolver.java:206)
		at javax.el.BeanELResolver.property(BeanELResolver.java:322)
		at javax.el.BeanELResolver.getValue(BeanELResolver.java:93)
		at org.apache.jasper.el.JasperELResolver.getValue(JasperELResolver.java:123)
		at org.apache.el.parser.AstValue.getValue(AstValue.java:163)
		at org.apache.el.parser.AstEqual.getValue(AstEqual.java:36)
		at org.apache.el.parser.AstChoice.getValue(AstChoice.java:43)
		at org.apache.el.ValueExpressionImpl.getValue(ValueExpressionImpl.java:151)
		at org.apache.jasper.runtime.PageContextImpl.proprietaryEvaluate(PageContextImpl.java:663)
		at org.apache.jsp.index_jsp._jspService(index_jsp.java:166)
		at org.apache.jasper.runtime.HttpJspBase.service(HttpJspBase.java:64)
		at javax.servlet.http.HttpServlet.service(HttpServlet.java:623)
		at org.apache.jasper.servlet.JspServletWrapper.service(JspServletWrapper.java:446)
		at org.apache.jasper.servlet.JspServlet.serviceJspFile(JspServlet.java:356)
		at org.apache.jasper.servlet.JspServlet.service(JspServlet.java:307)
		at javax.servlet.http.HttpServlet.service(HttpServlet.java:623)
		at org.apache.catalina.core.ApplicationFilterChain.internalDoFilter(ApplicationFilterChain.java:199)
		at org.apache.catalina.core.ApplicationFilterChain.doFilter(ApplicationFilterChain.java:144)
		at org.apache.tomcat.websocket.server.WsFilter.doFilter(WsFilter.java:51)
		at org.apache.catalina.core.ApplicationFilterChain.internalDoFilter(ApplicationFilterChain.java:168)
		at org.apache.catalina.core.ApplicationFilterChain.doFilter(ApplicationFilterChain.java:144)
		at org.apache.catalina.core.ApplicationDispatcher.invoke(ApplicationDispatcher.java:621)
		at org.apache.catalina.core.ApplicationDispatcher.processRequest(ApplicationDispatcher.java:401)
		at org.apache.catalina.core.ApplicationDispatcher.doForward(ApplicationDispatcher.java:340)
		at org.apache.catalina.core.ApplicationDispatcher.forward(ApplicationDispatcher.java:285)
		at murach.email.EmailListServlet.doPost(EmailListServlet.java:59)
		at javax.servlet.http.HttpServlet.service(HttpServlet.java:555)
		at javax.servlet.http.HttpServlet.service(HttpServlet.java:623)
		at org.apache.catalina.core.ApplicationFilterChain.internalDoFilter(ApplicationFilterChain.java:199)
		at org.apache.catalina.core.ApplicationFilterChain.doFilter(ApplicationFilterChain.java:144)
		at org.apache.tomcat.websocket.server.WsFilter.doFilter(WsFilter.java:51)
		at org.apache.catalina.core.ApplicationFilterChain.internalDoFilter(ApplicationFilterChain.java:168)
		at org.apache.catalina.core.ApplicationFilterChain.doFilter(ApplicationFilterChain.java:144)
		at org.apache.catalina.core.StandardWrapperValve.invoke(StandardWrapperValve.java:168)
		at org.apache.catalina.core.StandardContextValve.invoke(StandardContextValve.java:90)
		at org.apache.catalina.authenticator.AuthenticatorBase.invoke(AuthenticatorBase.java:482)
		at org.apache.catalina.core.StandardHostValve.invoke(StandardHostValve.java:130)
		at org.apache.catalina.valves.ErrorReportValve.invoke(ErrorReportValve.java:93)
		at org.apache.catalina.valves.AbstractAccessLogValve.invoke(AbstractAccessLogValve.java:656)
		at org.apache.catalina.core.StandardEngineValve.invoke(StandardEngineValve.java:74)
		at org.apache.catalina.connector.CoyoteAdapter.service(CoyoteAdapter.java:346)
		at org.apache.coyote.http11.Http11Processor.service(Http11Processor.java:397)
		at org.apache.coyote.AbstractProcessorLight.process(AbstractProcessorLight.java:63)
		at org.apache.coyote.AbstractProtocol$ConnectionHandler.process(AbstractProtocol.java:935)
		at org.apache.tomcat.util.net.NioEndpoint$SocketProcessor.doRun(NioEndpoint.java:1826)
		at org.apache.tomcat.util.net.SocketProcessorBase.run(SocketProcessorBase.java:52)
		at org.apache.tomcat.util.threads.ThreadPoolExecutor.runWorker(ThreadPoolExecutor.java:1189)
		at org.apache.tomcat.util.threads.ThreadPoolExecutor$Worker.run(ThreadPoolExecutor.java:658)
		at org.apache.tomcat.util.threads.TaskThread$WrappingRunnable.run(TaskThread.java:63)
		at java.base/java.lang.Thread.run(Thread.java:840)
15-Sep-2025 00:10:26.386 SEVERE [http-nio-8080-exec-7] org.apache.catalina.core.StandardWrapperValve.invoke Servlet.service() for servlet [EmailListServlet] in context with path [/Lesson] threw exception
	java.lang.NullPointerException: Cannot invoke "String.isEmpty()" because "headFrom" is null
		at murach.email.EmailListServlet.doPost(EmailListServlet.java:41)
		at javax.servlet.http.HttpServlet.service(HttpServlet.java:555)
		at javax.servlet.http.HttpServlet.service(HttpServlet.java:623)
		at org.apache.catalina.core.ApplicationFilterChain.internalDoFilter(ApplicationFilterChain.java:199)
		at org.apache.catalina.core.ApplicationFilterChain.doFilter(ApplicationFilterChain.java:144)
		at org.apache.tomcat.websocket.server.WsFilter.doFilter(WsFilter.java:51)
		at org.apache.catalina.core.ApplicationFilterChain.internalDoFilter(ApplicationFilterChain.java:168)
		at org.apache.catalina.core.ApplicationFilterChain.doFilter(ApplicationFilterChain.java:144)
		at org.apache.catalina.core.StandardWrapperValve.invoke(StandardWrapperValve.java:168)
		at org.apache.catalina.core.StandardContextValve.invoke(StandardContextValve.java:90)
		at org.apache.catalina.authenticator.AuthenticatorBase.invoke(AuthenticatorBase.java:482)
		at org.apache.catalina.core.StandardHostValve.invoke(StandardHostValve.java:130)
		at org.apache.catalina.valves.ErrorReportValve.invoke(ErrorReportValve.java:93)
		at org.apache.catalina.valves.AbstractAccessLogValve.invoke(AbstractAccessLogValve.java:656)
		at org.apache.catalina.core.StandardEngineValve.invoke(StandardEngineValve.java:74)
		at org.apache.catalina.connector.CoyoteAdapter.service(CoyoteAdapter.java:346)
		at org.apache.coyote.http11.Http11Processor.service(Http11Processor.java:397)
		at org.apache.coyote.AbstractProcessorLight.process(AbstractProcessorLight.java:63)
		at org.apache.coyote.AbstractProtocol$ConnectionHandler.process(AbstractProtocol.java:935)
		at org.apache.tomcat.util.net.NioEndpoint$SocketProcessor.doRun(NioEndpoint.java:1826)
		at org.apache.tomcat.util.net.SocketProcessorBase.run(SocketProcessorBase.java:52)
		at org.apache.tomcat.util.threads.ThreadPoolExecutor.runWorker(ThreadPoolExecutor.java:1189)
		at org.apache.tomcat.util.threads.ThreadPoolExecutor$Worker.run(ThreadPoolExecutor.java:658)
		at org.apache.tomcat.util.threads.TaskThread$WrappingRunnable.run(TaskThread.java:63)
		at java.base/java.lang.Thread.run(Thread.java:840)
15-Sep-2025 00:29:06.938 INFO [main] org.apache.catalina.core.ApplicationContext.log SessionListener: contextDestroyed()
15-Sep-2025 00:29:06.938 INFO [main] org.apache.catalina.core.ApplicationContext.log ContextListener: contextDestroyed()
15-Sep-2025 00:29:49.432 INFO [main] org.apache.catalina.core.ApplicationContext.log ContextListener: contextInitialized()
15-Sep-2025 00:29:49.432 INFO [main] org.apache.catalina.core.ApplicationContext.log SessionListener: contextInitialized()
15-Sep-2025 00:29:49.433 INFO [main] org.apache.catalina.core.ApplicationContext.log ContextListener: attributeAdded('StockTicker', 'async.Stockticker@1f2d2181')
15-Sep-2025 00:29:50.250 INFO [main] org.apache.catalina.core.ApplicationContext.log SessionListener: contextDestroyed()
15-Sep-2025 00:29:50.250 INFO [main] org.apache.catalina.core.ApplicationContext.log ContextListener: contextDestroyed()
15-Sep-2025 00:29:52.086 INFO [main] org.apache.catalina.core.ApplicationContext.log ContextListener: contextInitialized()
15-Sep-2025 00:29:52.086 INFO [main] org.apache.catalina.core.ApplicationContext.log SessionListener: contextInitialized()
15-Sep-2025 00:29:52.087 INFO [main] org.apache.catalina.core.ApplicationContext.log ContextListener: attributeAdded('StockTicker', 'async.Stockticker@46292372')
15-Sep-2025 00:30:15.784 SEVERE [http-nio-8080-exec-6] org.apache.catalina.core.StandardWrapperValve.invoke Servlet.service() for servlet [EmailListServlet] in context with path [/Lesson] threw exception
	java.lang.NullPointerException: Cannot invoke "String.isEmpty()" because "headFrom" is null
		at murach.email.EmailListServlet.doPost(EmailListServlet.java:41)
		at javax.servlet.http.HttpServlet.service(HttpServlet.java:555)
		at javax.servlet.http.HttpServlet.service(HttpServlet.java:623)
		at org.apache.catalina.core.ApplicationFilterChain.internalDoFilter(ApplicationFilterChain.java:199)
		at org.apache.catalina.core.ApplicationFilterChain.doFilter(ApplicationFilterChain.java:144)
		at org.apache.tomcat.websocket.server.WsFilter.doFilter(WsFilter.java:51)
		at org.apache.catalina.core.ApplicationFilterChain.internalDoFilter(ApplicationFilterChain.java:168)
		at org.apache.catalina.core.ApplicationFilterChain.doFilter(ApplicationFilterChain.java:144)
		at org.apache.catalina.core.StandardWrapperValve.invoke(StandardWrapperValve.java:168)
		at org.apache.catalina.core.StandardContextValve.invoke(StandardContextValve.java:90)
		at org.apache.catalina.authenticator.AuthenticatorBase.invoke(AuthenticatorBase.java:482)
		at org.apache.catalina.core.StandardHostValve.invoke(StandardHostValve.java:130)
		at org.apache.catalina.valves.ErrorReportValve.invoke(ErrorReportValve.java:93)
		at org.apache.catalina.valves.AbstractAccessLogValve.invoke(AbstractAccessLogValve.java:656)
		at org.apache.catalina.core.StandardEngineValve.invoke(StandardEngineValve.java:74)
		at org.apache.catalina.connector.CoyoteAdapter.service(CoyoteAdapter.java:346)
		at org.apache.coyote.http11.Http11Processor.service(Http11Processor.java:397)
		at org.apache.coyote.AbstractProcessorLight.process(AbstractProcessorLight.java:63)
		at org.apache.coyote.AbstractProtocol$ConnectionHandler.process(AbstractProtocol.java:935)
		at org.apache.tomcat.util.net.NioEndpoint$SocketProcessor.doRun(NioEndpoint.java:1826)
		at org.apache.tomcat.util.net.SocketProcessorBase.run(SocketProcessorBase.java:52)
		at org.apache.tomcat.util.threads.ThreadPoolExecutor.runWorker(ThreadPoolExecutor.java:1189)
		at org.apache.tomcat.util.threads.ThreadPoolExecutor$Worker.run(ThreadPoolExecutor.java:658)
		at org.apache.tomcat.util.threads.TaskThread$WrappingRunnable.run(TaskThread.java:63)
		at java.base/java.lang.Thread.run(Thread.java:840)
15-Sep-2025 00:31:04.062 INFO [main] org.apache.catalina.core.ApplicationContext.log SessionListener: contextDestroyed()
15-Sep-2025 00:31:04.062 INFO [main] org.apache.catalina.core.ApplicationContext.log ContextListener: contextDestroyed()
15-Sep-2025 00:51:41.752 INFO [main] org.apache.catalina.core.ApplicationContext.log ContextListener: contextInitialized()
15-Sep-2025 00:51:41.752 INFO [main] org.apache.catalina.core.ApplicationContext.log SessionListener: contextInitialized()
15-Sep-2025 00:51:41.752 INFO [main] org.apache.catalina.core.ApplicationContext.log ContextListener: attributeAdded('StockTicker', 'async.Stockticker@1f2d2181')
15-Sep-2025 00:51:43.160 INFO [main] org.apache.catalina.core.ApplicationContext.log SessionListener: contextDestroyed()
15-Sep-2025 00:51:43.160 INFO [main] org.apache.catalina.core.ApplicationContext.log ContextListener: contextDestroyed()
15-Sep-2025 00:51:45.305 INFO [main] org.apache.catalina.core.ApplicationContext.log ContextListener: contextInitialized()
15-Sep-2025 00:51:45.305 INFO [main] org.apache.catalina.core.ApplicationContext.log SessionListener: contextInitialized()
15-Sep-2025 00:51:45.306 INFO [main] org.apache.catalina.core.ApplicationContext.log ContextListener: attributeAdded('StockTicker', 'async.Stockticker@6548bb7d')
15-Sep-2025 01:09:23.362 INFO [main] org.apache.catalina.core.ApplicationContext.log SessionListener: contextDestroyed()
15-Sep-2025 01:09:23.362 INFO [main] org.apache.catalina.core.ApplicationContext.log ContextListener: contextDestroyed()
15-Sep-2025 01:18:01.545 INFO [main] org.apache.catalina.core.ApplicationContext.log ContextListener: contextInitialized()
15-Sep-2025 01:18:01.545 INFO [main] org.apache.catalina.core.ApplicationContext.log SessionListener: contextInitialized()
15-Sep-2025 01:18:01.546 INFO [main] org.apache.catalina.core.ApplicationContext.log ContextListener: attributeAdded('StockTicker', 'async.Stockticker@3b4ef7')
15-Sep-2025 01:18:03.052 INFO [main] org.apache.catalina.core.ApplicationContext.log SessionListener: contextDestroyed()
15-Sep-2025 01:18:03.052 INFO [main] org.apache.catalina.core.ApplicationContext.log ContextListener: contextDestroyed()
15-Sep-2025 01:18:04.931 INFO [main] org.apache.catalina.core.ApplicationContext.log ContextListener: contextInitialized()
15-Sep-2025 01:18:04.931 INFO [main] org.apache.catalina.core.ApplicationContext.log SessionListener: contextInitialized()
15-Sep-2025 01:18:04.932 INFO [main] org.apache.catalina.core.ApplicationContext.log ContextListener: attributeAdded('StockTicker', 'async.Stockticker@71652c98')
15-Sep-2025 01:18:42.478 INFO [main] org.apache.catalina.core.ApplicationContext.log SessionListener: contextDestroyed()
15-Sep-2025 01:18:42.478 INFO [main] org.apache.catalina.core.ApplicationContext.log ContextListener: contextDestroyed()
15-Sep-2025 01:23:26.578 INFO [main] org.apache.catalina.core.ApplicationContext.log ContextListener: contextInitialized()
15-Sep-2025 01:23:26.578 INFO [main] org.apache.catalina.core.ApplicationContext.log SessionListener: contextInitialized()
15-Sep-2025 01:23:26.579 INFO [main] org.apache.catalina.core.ApplicationContext.log ContextListener: attributeAdded('StockTicker', 'async.Stockticker@1f2d2181')
15-Sep-2025 01:23:28.284 INFO [main] org.apache.catalina.core.ApplicationContext.log SessionListener: contextDestroyed()
15-Sep-2025 01:23:28.284 INFO [main] org.apache.catalina.core.ApplicationContext.log ContextListener: contextDestroyed()
15-Sep-2025 01:23:30.420 INFO [main] org.apache.catalina.core.ApplicationContext.log ContextListener: contextInitialized()
15-Sep-2025 01:23:30.420 INFO [main] org.apache.catalina.core.ApplicationContext.log SessionListener: contextInitialized()
15-Sep-2025 01:23:30.420 INFO [main] org.apache.catalina.core.ApplicationContext.log ContextListener: attributeAdded('StockTicker', 'async.Stockticker@5a12c728')
15-Sep-2025 01:38:49.243 INFO [main] org.apache.catalina.core.ApplicationContext.log SessionListener: contextDestroyed()
15-Sep-2025 01:38:49.243 INFO [main] org.apache.catalina.core.ApplicationContext.log ContextListener: contextDestroyed()
15-Sep-2025 01:38:52.516 INFO [main] org.apache.catalina.core.ApplicationContext.log ContextListener: contextInitialized()
15-Sep-2025 01:38:52.516 INFO [main] org.apache.catalina.core.ApplicationContext.log SessionListener: contextInitialized()
15-Sep-2025 01:38:52.516 INFO [main] org.apache.catalina.core.ApplicationContext.log ContextListener: attributeAdded('StockTicker', 'async.Stockticker@c0b41d6')
15-Sep-2025 01:41:49.644 INFO [main] org.apache.catalina.core.ApplicationContext.log SessionListener: contextDestroyed()
15-Sep-2025 01:41:49.644 INFO [main] org.apache.catalina.core.ApplicationContext.log ContextListener: contextDestroyed()
15-Sep-2025 01:41:54.090 INFO [main] org.apache.catalina.core.ApplicationContext.log ContextListener: contextInitialized()
15-Sep-2025 01:41:54.091 INFO [main] org.apache.catalina.core.ApplicationContext.log SessionListener: contextInitialized()
15-Sep-2025 01:41:54.091 INFO [main] org.apache.catalina.core.ApplicationContext.log ContextListener: attributeAdded('StockTicker', 'async.Stockticker@46292372')
15-Sep-2025 01:42:39.456 INFO [main] org.apache.catalina.core.ApplicationContext.log SessionListener: contextDestroyed()
15-Sep-2025 01:42:39.456 INFO [main] org.apache.catalina.core.ApplicationContext.log ContextListener: contextDestroyed()
15-Sep-2025 01:43:13.604 INFO [main] org.apache.catalina.core.ApplicationContext.log ContextListener: contextInitialized()
15-Sep-2025 01:43:13.604 INFO [main] org.apache.catalina.core.ApplicationContext.log SessionListener: contextInitialized()
15-Sep-2025 01:43:13.605 INFO [main] org.apache.catalina.core.ApplicationContext.log ContextListener: attributeAdded('StockTicker', 'async.Stockticker@3b718392')
15-Sep-2025 01:46:51.527 INFO [main] org.apache.catalina.core.ApplicationContext.log SessionListener: contextDestroyed()
15-Sep-2025 01:46:51.527 INFO [main] org.apache.catalina.core.ApplicationContext.log ContextListener: contextDestroyed()
15-Sep-2025 02:19:36.243 INFO [main] org.apache.catalina.core.ApplicationContext.log ContextListener: contextInitialized()
15-Sep-2025 02:19:36.243 INFO [main] org.apache.catalina.core.ApplicationContext.log SessionListener: contextInitialized()
15-Sep-2025 02:19:36.244 INFO [main] org.apache.catalina.core.ApplicationContext.log ContextListener: attributeAdded('StockTicker', 'async.Stockticker@6548bb7d')
15-Sep-2025 10:07:05.809 INFO [main] org.apache.catalina.core.ApplicationContext.log ContextListener: contextInitialized()
15-Sep-2025 10:07:05.809 INFO [main] org.apache.catalina.core.ApplicationContext.log SessionListener: contextInitialized()
15-Sep-2025 10:07:05.809 INFO [main] org.apache.catalina.core.ApplicationContext.log ContextListener: attributeAdded('StockTicker', 'async.Stockticker@1d1f7216')
15-Sep-2025 10:07:05.837 INFO [main] org.apache.catalina.core.ApplicationContext.log SessionListener: contextDestroyed()
15-Sep-2025 10:07:05.837 INFO [main] org.apache.catalina.core.ApplicationContext.log ContextListener: contextDestroyed()
15-Sep-2025 10:07:09.281 INFO [main] org.apache.catalina.core.ApplicationContext.log ContextListener: contextInitialized()
15-Sep-2025 10:07:09.281 INFO [main] org.apache.catalina.core.ApplicationContext.log SessionListener: contextInitialized()
15-Sep-2025 10:07:09.282 INFO [main] org.apache.catalina.core.ApplicationContext.log ContextListener: attributeAdded('StockTicker', 'async.Stockticker@5241cf67')
15-Sep-2025 10:07:54.050 INFO [main] org.apache.catalina.core.ApplicationContext.log SessionListener: contextDestroyed()
15-Sep-2025 10:07:54.050 INFO [main] org.apache.catalina.core.ApplicationContext.log ContextListener: contextDestroyed()
15-Sep-2025 10:07:56.675 INFO [main] org.apache.catalina.core.ApplicationContext.log ContextListener: contextInitialized()
15-Sep-2025 10:07:56.675 INFO [main] org.apache.catalina.core.ApplicationContext.log SessionListener: contextInitialized()
15-Sep-2025 10:07:56.675 INFO [main] org.apache.catalina.core.ApplicationContext.log ContextListener: attributeAdded('StockTicker', 'async.Stockticker@74a9c4b0')
15-Sep-2025 10:08:47.779 INFO [Catalina-utility-1] org.apache.catalina.core.ApplicationContext.log SessionListener: contextDestroyed()
15-Sep-2025 10:08:47.779 INFO [Catalina-utility-1] org.apache.catalina.core.ApplicationContext.log ContextListener: contextDestroyed()
15-Sep-2025 10:32:43.950 INFO [main] org.apache.catalina.core.ApplicationContext.log ContextListener: contextInitialized()
15-Sep-2025 10:32:43.950 INFO [main] org.apache.catalina.core.ApplicationContext.log SessionListener: contextInitialized()
15-Sep-2025 10:32:43.950 INFO [main] org.apache.catalina.core.ApplicationContext.log ContextListener: attributeAdded('StockTicker', 'async.Stockticker@17ae98d7')
15-Sep-2025 10:32:44.996 INFO [main] org.apache.catalina.core.ApplicationContext.log SessionListener: contextDestroyed()
15-Sep-2025 10:32:44.996 INFO [main] org.apache.catalina.core.ApplicationContext.log ContextListener: contextDestroyed()
15-Sep-2025 10:32:46.659 INFO [main] org.apache.catalina.core.ApplicationContext.log ContextListener: contextInitialized()
15-Sep-2025 10:32:46.659 INFO [main] org.apache.catalina.core.ApplicationContext.log SessionListener: contextInitialized()
15-Sep-2025 10:32:46.660 INFO [main] org.apache.catalina.core.ApplicationContext.log ContextListener: attributeAdded('StockTicker', 'async.Stockticker@6bd51ed8')
15-Sep-2025 10:41:50.514 INFO [main] org.apache.catalina.core.ApplicationContext.log SessionListener: contextDestroyed()
15-Sep-2025 10:41:50.515 INFO [main] org.apache.catalina.core.ApplicationContext.log ContextListener: contextDestroyed()
15-Sep-2025 10:55:51.442 INFO [main] org.apache.catalina.core.ApplicationContext.log ContextListener: contextInitialized()
15-Sep-2025 10:55:51.442 INFO [main] org.apache.catalina.core.ApplicationContext.log SessionListener: contextInitialized()
15-Sep-2025 10:55:51.443 INFO [main] org.apache.catalina.core.ApplicationContext.log ContextListener: attributeAdded('StockTicker', 'async.Stockticker@273c947f')
15-Sep-2025 10:55:52.920 INFO [main] org.apache.catalina.core.ApplicationContext.log SessionListener: contextDestroyed()
15-Sep-2025 10:55:52.920 INFO [main] org.apache.catalina.core.ApplicationContext.log ContextListener: contextDestroyed()
15-Sep-2025 10:55:54.822 INFO [main] org.apache.catalina.core.ApplicationContext.log ContextListener: contextInitialized()
15-Sep-2025 10:55:54.822 INFO [main] org.apache.catalina.core.ApplicationContext.log SessionListener: contextInitialized()
15-Sep-2025 10:55:54.825 INFO [main] org.apache.catalina.core.ApplicationContext.log ContextListener: attributeAdded('StockTicker', 'async.Stockticker@5a12c728')
15-Sep-2025 10:56:10.330 INFO [main] org.apache.catalina.core.ApplicationContext.log SessionListener: contextDestroyed()
15-Sep-2025 10:56:10.330 INFO [main] org.apache.catalina.core.ApplicationContext.log ContextListener: contextDestroyed()
15-Sep-2025 10:56:12.215 INFO [main] org.apache.catalina.core.ApplicationContext.log ContextListener: contextInitialized()
15-Sep-2025 10:56:12.215 INFO [main] org.apache.catalina.core.ApplicationContext.log SessionListener: contextInitialized()
15-Sep-2025 10:56:12.215 INFO [main] org.apache.catalina.core.ApplicationContext.log ContextListener: attributeAdded('StockTicker', 'async.Stockticker@e27ba81')
15-Sep-2025 10:59:57.189 INFO [main] org.apache.catalina.core.ApplicationContext.log SessionListener: contextDestroyed()
15-Sep-2025 10:59:57.189 INFO [main] org.apache.catalina.core.ApplicationContext.log ContextListener: contextDestroyed()
15-Sep-2025 11:00:38.622 INFO [main] org.apache.catalina.core.ApplicationContext.log ContextListener: contextInitialized()
15-Sep-2025 11:00:38.622 INFO [main] org.apache.catalina.core.ApplicationContext.log SessionListener: contextInitialized()
15-Sep-2025 11:00:38.622 INFO [main] org.apache.catalina.core.ApplicationContext.log ContextListener: attributeAdded('StockTicker', 'async.Stockticker@50cf5a23')
15-Sep-2025 11:00:40.833 INFO [main] org.apache.catalina.core.ApplicationContext.log SessionListener: contextDestroyed()
15-Sep-2025 11:00:40.833 INFO [main] org.apache.catalina.core.ApplicationContext.log ContextListener: contextDestroyed()
15-Sep-2025 11:00:42.484 INFO [main] org.apache.catalina.core.ApplicationContext.log ContextListener: contextInitialized()
15-Sep-2025 11:00:42.484 INFO [main] org.apache.catalina.core.ApplicationContext.log SessionListener: contextInitialized()
15-Sep-2025 11:00:42.485 INFO [main] org.apache.catalina.core.ApplicationContext.log ContextListener: attributeAdded('StockTicker', 'async.Stockticker@6e5bfdfc')
15-Sep-2025 11:15:26.845 INFO [main] org.apache.catalina.core.ApplicationContext.log SessionListener: contextDestroyed()
15-Sep-2025 11:15:26.845 INFO [main] org.apache.catalina.core.ApplicationContext.log ContextListener: contextDestroyed()
15-Sep-2025 11:17:57.473 INFO [main] org.apache.catalina.core.ApplicationContext.log ContextListener: contextInitialized()
15-Sep-2025 11:17:57.473 INFO [main] org.apache.catalina.core.ApplicationContext.log SessionListener: contextInitialized()
15-Sep-2025 11:17:57.473 INFO [main] org.apache.catalina.core.ApplicationContext.log ContextListener: attributeAdded('StockTicker', 'async.Stockticker@d4ab71a')
15-Sep-2025 11:17:58.584 INFO [main] org.apache.catalina.core.ApplicationContext.log SessionListener: contextDestroyed()
15-Sep-2025 11:17:58.584 INFO [main] org.apache.catalina.core.ApplicationContext.log ContextListener: contextDestroyed()
15-Sep-2025 11:18:00.347 INFO [main] org.apache.catalina.core.ApplicationContext.log ContextListener: contextInitialized()
15-Sep-2025 11:18:00.347 INFO [main] org.apache.catalina.core.ApplicationContext.log SessionListener: contextInitialized()
15-Sep-2025 11:18:00.347 INFO [main] org.apache.catalina.core.ApplicationContext.log ContextListener: attributeAdded('StockTicker', 'async.Stockticker@5bbbdd4b')
15-Sep-2025 11:32:31.696 INFO [main] org.apache.catalina.core.ApplicationContext.log SessionListener: contextDestroyed()
15-Sep-2025 11:32:31.697 INFO [main] org.apache.catalina.core.ApplicationContext.log ContextListener: contextDestroyed()
15-Sep-2025 11:33:55.569 INFO [main] org.apache.catalina.core.ApplicationContext.log ContextListener: contextInitialized()
15-Sep-2025 11:33:55.569 INFO [main] org.apache.catalina.core.ApplicationContext.log SessionListener: contextInitialized()
15-Sep-2025 11:33:55.569 INFO [main] org.apache.catalina.core.ApplicationContext.log ContextListener: attributeAdded('StockTicker', 'async.Stockticker@5bf61e67')
15-Sep-2025 11:33:56.466 INFO [main] org.apache.catalina.core.ApplicationContext.log SessionListener: contextDestroyed()
15-Sep-2025 11:33:56.466 INFO [main] org.apache.catalina.core.ApplicationContext.log ContextListener: contextDestroyed()
15-Sep-2025 11:33:57.918 INFO [main] org.apache.catalina.core.ApplicationContext.log ContextListener: contextInitialized()
15-Sep-2025 11:33:57.918 INFO [main] org.apache.catalina.core.ApplicationContext.log SessionListener: contextInitialized()
15-Sep-2025 11:33:57.919 INFO [main] org.apache.catalina.core.ApplicationContext.log ContextListener: attributeAdded('StockTicker', 'async.Stockticker@5d332969')
15-Sep-2025 14:28:55.908 INFO [main] org.apache.catalina.core.ApplicationContext.log SessionListener: contextDestroyed()
15-Sep-2025 14:28:55.908 INFO [main] org.apache.catalina.core.ApplicationContext.log ContextListener: contextDestroyed()
